<!DOCTYPE html>
<html lang="en">
<head>
  <meta charset="UTF-8">
  <title>Document</title>
</head>
<body>
  <div id="toc"><ul class="nav sidenav"><li><a href="#foo">Foo</a></li>
<li><a href="#bar">Bar</a></li>
<li><a href="#baz">Baz</a></li>
<li><a href="#baz-1">Baz</a></li></ul></div>
  <h2 id="foo">Foo<a href="#foo" name="foo" class="anchor">
  <span class="anchor-target" id="foo"></span>
  <span class="glyphicon glyphicon-link"></span>
</a></h2>
  <h2 id="bar">Bar<a href="#bar" name="bar" class="anchor">
  <span class="anchor-target" id="bar"></span>
  <span class="glyphicon glyphicon-link"></span>
</a></h2>
  <h2 id="baz">Baz<a href="#baz" name="baz" class="anchor">
  <span class="anchor-target" id="baz"></span>
  <span class="glyphicon glyphicon-link"></span>
</a></h2>
  <h2 id="baz-1">Baz<a href="#baz-1" name="baz-1" class="anchor">
  <span class="anchor-target" id="baz-1"></span>
  <span class="glyphicon glyphicon-link"></span>
</a></h2>
</body>
</html>
