<!DOCTYPE html>
<html lang="en">

<head>
  <meta charset="UTF-8">
  <title>Document</title>
</head>

<body>
  <div id="toc"><ul class="nav sidenav"><li><a href="#abcABC">abc ABC</a></li></ul></div>
  <h1 id="abcABC">abc ABC<a href="#abcABC" name="abcABC" class="anchor">
  <span class="anchor-target" id="abcABC"></span>
  <span class="glyphicon glyphicon-link"></span>
</a></h1>
</body>

</html>
