<!DOCTYPE html>
<html lang="en">

<head>
  <meta charset="UTF-8">
  <title>Document</title>
</head>

<body>
  <div id="toc"></div>
  <h2 id="foo">Foo<a href="#foo" name="foo" class="anchor">
  <span class="anchor-target" id="foo"></span>
  <span class="glyphicon glyphicon-link"></span>
</a></h2>
</body>

</html>
