<!DOCTYPE html>
<html lang="en">
<head>
  <meta charset="UTF-8">
  <title>Document</title>
</head>
<body>
  <div id="toc"><ul class="nav sidenav"><li><a href="#foo">Foo</a><ul class="nav"><li><a href="#baz">Baz</a></li></ul></li></ul></div>
  <h2 id="foo">Foo<a href="#foo" name="foo" class="anchor">
  <span class="anchor-target" id="foo"></span>
  <span class="glyphicon glyphicon-link"></span>
</a></h2>
  <h3 id="baz">Baz<a href="#baz" name="baz" class="anchor">
  <span class="anchor-target" id="baz"></span>
  <span class="glyphicon glyphicon-link"></span>
</a></h3>
</body>
</html>
