<!DOCTYPE html>
<html lang="en">
<head>
  <meta charset="UTF-8">
  <title>Document</title>
</head>
<body>
  <div id="toc"><ul class="nav sidenav"><li><a href="#abc">ABC</a><ul class="nav"><li><a href="#abc-foo">Foo</a><ul class="nav"><li><a href="#abc-foo-baz">Baz</a></li></ul></li>
<li><a href="#abc-bar">Bar</a><ul class="nav"><li><a href="#abc-bar-baz-1">Baz</a></li></ul></li>
<li><a href="#abc-baz-2">Baz</a><ul class="nav"><li><a href="#abc-baz-2-baz-3">Baz</a></li></ul></li></ul></li></ul></div>
  <h1 id="abc">ABC<a href="#abc" name="abc" class="anchor">
  <span class="anchor-target" id="abc"></span>
  <span class="glyphicon glyphicon-link"></span>
</a></h1>
  <h2 id="abc-foo">Foo<a href="#abc-foo" name="abc-foo" class="anchor">
  <span class="anchor-target" id="abc-foo"></span>
  <span class="glyphicon glyphicon-link"></span>
</a></h2>
  <h3 id="abc-foo-baz">Baz<a href="#abc-foo-baz" name="abc-foo-baz" class="anchor">
  <span class="anchor-target" id="abc-foo-baz"></span>
  <span class="glyphicon glyphicon-link"></span>
</a></h3>
  <h2 id="abc-bar">Bar<a href="#abc-bar" name="abc-bar" class="anchor">
  <span class="anchor-target" id="abc-bar"></span>
  <span class="glyphicon glyphicon-link"></span>
</a></h2>
  <h3 id="abc-bar-baz-1">Baz<a href="#abc-bar-baz-1" name="abc-bar-baz-1" class="anchor">
  <span class="anchor-target" id="abc-bar-baz-1"></span>
  <span class="glyphicon glyphicon-link"></span>
</a></h3>
  <h2 id="abc-baz-2">Baz<a href="#abc-baz-2" name="abc-baz-2" class="anchor">
  <span class="anchor-target" id="abc-baz-2"></span>
  <span class="glyphicon glyphicon-link"></span>
</a></h2>
  <h3 id="abc-baz-2-baz-3">Baz<a href="#abc-baz-2-baz-3" name="abc-baz-2-baz-3" class="anchor">
  <span class="anchor-target" id="abc-baz-2-baz-3"></span>
  <span class="glyphicon glyphicon-link"></span>
</a></h3>
</body>
</html>
