<!DOCTYPE html>
<html lang="en">
<head>
  <meta charset="UTF-8">
  <title>Document</title>
</head>
<body>
  <div id="toc"><ul class="nav sidenav"><li><a href="#foo">Foo</a></li>
<li><a href="#bar">Bar</a></li>
<li><a href="#baz">Baz</a></li></ul></div>
  <h2 id="foo">Foo@foo@</h2>
  <h2 id="bar">Bar@bar@</h2>
  <h2 id="baz">Baz@baz@</h2>
</body>
</html>
